// Vitest Snapshot v1, https://vitest.dev/guide/snapshot.html

exports[`AdminMain > matches snapshot 1`] = `
{
  "asFragment": [Function],
  "baseElement": <body>
    <div>
      <div
        class="flex items-center justify-center"
      >
        <div
          class="dark:bg-gray-custom mx-80 my-8 flex h-full w-full flex-col gap-4 bg-white p-8"
        >
          <div
            class="flex w-full gap-4"
          >
            <h4
              class="font-bold text-gray-800 dark:text-gray-300 flex-1 self-center"
            >
              Re-scrape all restaurants
            </h4>
            <input
              class="cursor-pointer rounded-lg border border-gray-300 px-5 py-2.5 text-sm font-medium text-gray-800 hover:bg-gray-200 dark:border-gray-600 dark:text-gray-300 dark:hover:bg-gray-700 dark:hover:text-white"
              type="button"
              value="Re-scrape all"
            />
          </div>
          <input
            class="rounded-lg border border-gray-300 px-5 py-2.5 text-sm font-medium text-gray-800 hover:bg-gray-200 dark:border-gray-600 dark:text-gray-300 dark:hover:bg-gray-700 dark:hover:text-white flex-1 cursor-pointer self-end"
            type="button"
            value="Add restaurant"
          />
          <div
            class="flex w-full gap-4"
          >
            <h4
              class="font-bold text-gray-800 dark:text-gray-300 flex-1 self-center"
            />
            <input
              class="cursor-pointer rounded-lg border border-gray-300 px-5 py-2.5 text-sm font-medium text-gray-800 hover:bg-gray-200 dark:border-gray-600 dark:text-gray-300 dark:hover:bg-gray-700 dark:hover:text-white"
              type="button"
              value="Logout"
            />
          </div>
        </div>
      </div>
    </div>
  </body>,
  "container": <div>
    <div
      class="flex items-center justify-center"
    >
      <div
        class="dark:bg-gray-custom mx-80 my-8 flex h-full w-full flex-col gap-4 bg-white p-8"
      >
        <div
          class="flex w-full gap-4"
        >
          <h4
            class="font-bold text-gray-800 dark:text-gray-300 flex-1 self-center"
          >
            Re-scrape all restaurants
          </h4>
          <input
            class="cursor-pointer rounded-lg border border-gray-300 px-5 py-2.5 text-sm font-medium text-gray-800 hover:bg-gray-200 dark:border-gray-600 dark:text-gray-300 dark:hover:bg-gray-700 dark:hover:text-white"
            type="button"
            value="Re-scrape all"
          />
        </div>
        <input
          class="rounded-lg border border-gray-300 px-5 py-2.5 text-sm font-medium text-gray-800 hover:bg-gray-200 dark:border-gray-600 dark:text-gray-300 dark:hover:bg-gray-700 dark:hover:text-white flex-1 cursor-pointer self-end"
          type="button"
          value="Add restaurant"
        />
        <div
          class="flex w-full gap-4"
        >
          <h4
            class="font-bold text-gray-800 dark:text-gray-300 flex-1 self-center"
          />
          <input
            class="cursor-pointer rounded-lg border border-gray-300 px-5 py-2.5 text-sm font-medium text-gray-800 hover:bg-gray-200 dark:border-gray-600 dark:text-gray-300 dark:hover:bg-gray-700 dark:hover:text-white"
            type="button"
            value="Logout"
          />
        </div>
      </div>
    </div>
  </div>,
  "debug": [Function],
  "findAllByAltText": [Function],
  "findAllByDisplayValue": [Function],
  "findAllByLabelText": [Function],
  "findAllByPlaceholderText": [Function],
  "findAllByRole": [Function],
  "findAllByTestId": [Function],
  "findAllByText": [Function],
  "findAllByTitle": [Function],
  "findByAltText": [Function],
  "findByDisplayValue": [Function],
  "findByLabelText": [Function],
  "findByPlaceholderText": [Function],
  "findByRole": [Function],
  "findByTestId": [Function],
  "findByText": [Function],
  "findByTitle": [Function],
  "getAllByAltText": [Function],
  "getAllByDisplayValue": [Function],
  "getAllByLabelText": [Function],
  "getAllByPlaceholderText": [Function],
  "getAllByRole": [Function],
  "getAllByTestId": [Function],
  "getAllByText": [Function],
  "getAllByTitle": [Function],
  "getByAltText": [Function],
  "getByDisplayValue": [Function],
  "getByLabelText": [Function],
  "getByPlaceholderText": [Function],
  "getByRole": [Function],
  "getByTestId": [Function],
  "getByText": [Function],
  "getByTitle": [Function],
  "queryAllByAltText": [Function],
  "queryAllByDisplayValue": [Function],
  "queryAllByLabelText": [Function],
  "queryAllByPlaceholderText": [Function],
  "queryAllByRole": [Function],
  "queryAllByTestId": [Function],
  "queryAllByText": [Function],
  "queryAllByTitle": [Function],
  "queryByAltText": [Function],
  "queryByDisplayValue": [Function],
  "queryByLabelText": [Function],
  "queryByPlaceholderText": [Function],
  "queryByRole": [Function],
  "queryByTestId": [Function],
  "queryByText": [Function],
  "queryByTitle": [Function],
  "rerender": [Function],
  "unmount": [Function],
}
`;
